<?php

namespace Illuminate\Support
{
    /**
     * @method string testDateMacro()
     * @see project://Feature/MacrosCommandTest.php L17
     */
    class Carbon
    {
        /**
         * Create a new Carbon instance.
         *
         * Please see the testing aids section (specifically static::setTestNow())
         * for more on the possibility of this constructor returning a test instance.
         *
         * @throws InvalidFormatException
        */
        public function __construct(\DateTimeInterface|\Carbon\WeekDay|\Carbon\Month|string|int|float|null $time = null, \DateTimeZone|string|int|null $timezone = null)
        {
        }
    }
}

namespace Illuminate\Support\Facades
{
    /**
     * @method static string testDateMacro()
     * @see project://Feature/MacrosCommandTest.php L17
     */
    class Date
    {
    }
}

namespace Soyhuce\NextIdeHelper\Tests\Fixtures\Macroable
{
    /**
     * @method static string foo(string $bar)
     * @see project://Feature/MacrosCommandTest.php L11
     * @method static string toLower(string $value)
     * @see project://Fixtures/Macroable/SomeMixin.php L17
     * @method static void havingVariadic(string &...$params)
     * @see project://Fixtures/Macroable/SomeMixin.php L22
     * @method static self havingSelfAsReturnType()
     * @see project://Fixtures/Macroable/SomeMixin.php L32
     * @method static void havingArrayAsDefaultValue(array $array = [1, 2, 3, ['some' => 'value']])
     * @see project://Fixtures/Macroable/SomeMixin.php L37
     * @method static mixed havingNullableMixed(mixed $value = null)
     * @see project://Fixtures/Macroable/SomeMixin.php L44
     * @method static mixed havingNullableUnionType(string|int|null $value = null)
     * @see project://Fixtures/Macroable/SomeMixin.php L49
     * @method static string|null returningNullableString()
     * @see project://Fixtures/Macroable/SomeMixin.php L54
     * @method static string testFacade()
     * @see project://Feature/MacrosCommandTest.php L15
     */
    class SomeFacade
    {
    }

    /**
     * @method static string foo(string $bar)
     * @see project://Feature/MacrosCommandTest.php L11
     * @method static string toLower(string $value)
     * @see project://Fixtures/Macroable/SomeMixin.php L17
     * @method void havingVariadic(string &...$params)
     * @see project://Fixtures/Macroable/SomeMixin.php L22
     * @method self havingSelfAsReturnType()
     * @see project://Fixtures/Macroable/SomeMixin.php L32
     * @method void havingArrayAsDefaultValue(array $array = [1, 2, 3, ['some' => 'value']])
     * @see project://Fixtures/Macroable/SomeMixin.php L37
     * @method mixed havingNullableMixed(mixed $value = null)
     * @see project://Fixtures/Macroable/SomeMixin.php L44
     * @method mixed havingNullableUnionType(string|int|null $value = null)
     * @see project://Fixtures/Macroable/SomeMixin.php L49
     * @method string|null returningNullableString()
     * @see project://Fixtures/Macroable/SomeMixin.php L54
     * @method string testFacade()
     * @see project://Feature/MacrosCommandTest.php L15
     */
    class SomeMacroable
    {
        public function __construct(int $foo = 0)
        {
        }
    }
}
